// Jest Snapshot v1, https://goo.gl/fbAQLP

exports[`TabBar should be match snapshot 1`] = `
.c0 {
  display: -webkit-box;
  display: -webkit-flex;
  display: -ms-flexbox;
  display: flex;
}

.c0.bordered {
  position: relative;
}

.c0.bordered::before {
  position: absolute;
  left: 0;
  right: 0;
  bottom: 0;
  border-bottom: 1px solid #d6d3d0;
  content: '';
}

.c1 {
  background-color: transparent;
  border: none;
  cursor: pointer;
  padding: 0;
  -webkit-appearance: none;
  -moz-appearance: none;
  appearance: none;
  font-weight: bold;
  font-size: 0.875rem;
  color: #706d65;
  height: 40px;
  border-bottom: solid 3px transparent;
  padding: 0 1.5rem;
  box-sizing: border-box;
  -webkit-transition: background-color .3s ease-out,color .3s ease-out;
  transition: background-color .3s ease-out,color .3s ease-out;
}

.c1.selected {
  position: relative;
  color: #23221f;
  border-color: #0077c7;
}

.c1:hover {
  background-color: #f8f7f6;
  color: #23221f;
}

.c1:disabled {
  background-color: transparent;
  color: rgba(112,109,101,0.5);
  cursor: not-allowed;
}

<div
  className="c0  bordered"
  role="tablist"
>
  <button
    aria-selected={false}
    className="c1  "
    disabled={false}
    onClick={[Function]}
    role="tab"
    type="button"
  >
    Tab
  </button>
  <button
    aria-selected={true}
    className="c1  selected"
    disabled={false}
    onClick={[Function]}
    role="tab"
    type="button"
  >
    Selected
  </button>
  <button
    aria-selected={false}
    className="c1  "
    disabled={true}
    onClick={[Function]}
    role="tab"
    type="button"
  >
    Disabled
  </button>
</div>
`;
