// Jest Snapshot v1, https://goo.gl/fbAQLP

exports[`Checkbox should be match snapshot 1`] = `
<Component
  checked={true}
  name="sample"
>
  <CheckboxComponent
    checked={true}
    name="sample"
    theme={
      Object {
        "frame": Object {
          "border": Object {
            "default": "1px solid #d6d6d6",
            "lineStyle": "solid",
            "lineWidth": "1px",
            "radius": Object {
              "l": "8px",
              "m": "6px",
              "s": "3px",
            },
          },
        },
        "interaction": Object {
          "hover": Object {
            "animation": ".3s ease-out",
            "animationDuration": ".3s",
            "animationTiming": "ease-out",
            "feedbackOpacity": ".7",
          },
        },
        "palette": Object {
          "BACKGROUND": "#f5f6fa",
          "BORDER": "#d6d6d6",
          "COLUMN": "#f9f9f9",
          "DANGER": "#ef475b",
          "MAIN": "#00a5ab",
          "OVERLAY": "rgba(0,0,0,0.15)",
          "SCRIM": "rgba(0,0,0,0.5)",
          "TEXT_BLACK": "#333",
          "TEXT_GREY": "#767676",
          "WARNING": "#ff8800",
          "disableColor": [Function],
          "hoverColor": [Function],
        },
        "size": Object {
          "font": Object {
            "GRANDE": 18,
            "SHORT": 11,
            "TALL": 14,
            "VENTI": 24,
          },
          "mediaQuery": Object {
            "SP": 599,
            "TABLET": 959,
          },
          "pxToRem": [Function],
          "space": Object {
            "L": 40,
            "M": 32,
            "S": 24,
            "XL": 48,
            "XS": 16,
            "XXL": 56,
            "XXS": 8,
          },
        },
      }
    }
  >
    <styled.div
      className="
       active  light
    "
      theme={
        Object {
          "frame": Object {
            "border": Object {
              "default": "1px solid #d6d6d6",
              "lineStyle": "solid",
              "lineWidth": "1px",
              "radius": Object {
                "l": "8px",
                "m": "6px",
                "s": "3px",
              },
            },
          },
          "interaction": Object {
            "hover": Object {
              "animation": ".3s ease-out",
              "animationDuration": ".3s",
              "animationTiming": "ease-out",
              "feedbackOpacity": ".7",
            },
          },
          "palette": Object {
            "BACKGROUND": "#f5f6fa",
            "BORDER": "#d6d6d6",
            "COLUMN": "#f9f9f9",
            "DANGER": "#ef475b",
            "MAIN": "#00a5ab",
            "OVERLAY": "rgba(0,0,0,0.15)",
            "SCRIM": "rgba(0,0,0,0.5)",
            "TEXT_BLACK": "#333",
            "TEXT_GREY": "#767676",
            "WARNING": "#ff8800",
            "disableColor": [Function],
            "hoverColor": [Function],
          },
          "size": Object {
            "font": Object {
              "GRANDE": 18,
              "SHORT": 11,
              "TALL": 14,
              "VENTI": 24,
            },
            "mediaQuery": Object {
              "SP": 599,
              "TABLET": 959,
            },
            "pxToRem": [Function],
            "space": Object {
              "L": 40,
              "M": 32,
              "S": 24,
              "XL": 48,
              "XS": 16,
              "XXL": 56,
              "XXS": 8,
            },
          },
        }
      }
    >
      <StyledComponent
        className="
       active  light
    "
        forwardedComponent={
          Object {
            "$$typeof": Symbol(react.forward_ref),
            "attrs": Array [],
            "componentStyle": ComponentStyle {
              "componentId": "sc-bdVaJa",
              "isStatic": false,
              "lastClassName": "kPctVz",
              "rules": Array [
                "
  ",
                [Function],
                "
",
              ],
            },
            "displayName": "styled.div",
            "foldedComponentIds": Array [],
            "render": [Function],
            "styledComponentId": "sc-bdVaJa",
            "target": "div",
            "toString": [Function],
            "warnTooManyClasses": [Function],
            "withComponent": [Function],
          }
        }
        forwardedRef={null}
        theme={
          Object {
            "frame": Object {
              "border": Object {
                "default": "1px solid #d6d6d6",
                "lineStyle": "solid",
                "lineWidth": "1px",
                "radius": Object {
                  "l": "8px",
                  "m": "6px",
                  "s": "3px",
                },
              },
            },
            "interaction": Object {
              "hover": Object {
                "animation": ".3s ease-out",
                "animationDuration": ".3s",
                "animationTiming": "ease-out",
                "feedbackOpacity": ".7",
              },
            },
            "palette": Object {
              "BACKGROUND": "#f5f6fa",
              "BORDER": "#d6d6d6",
              "COLUMN": "#f9f9f9",
              "DANGER": "#ef475b",
              "MAIN": "#00a5ab",
              "OVERLAY": "rgba(0,0,0,0.15)",
              "SCRIM": "rgba(0,0,0,0.5)",
              "TEXT_BLACK": "#333",
              "TEXT_GREY": "#767676",
              "WARNING": "#ff8800",
              "disableColor": [Function],
              "hoverColor": [Function],
            },
            "size": Object {
              "font": Object {
                "GRANDE": 18,
                "SHORT": 11,
                "TALL": 14,
                "VENTI": 24,
              },
              "mediaQuery": Object {
                "SP": 599,
                "TABLET": 959,
              },
              "pxToRem": [Function],
              "space": Object {
                "L": 40,
                "M": 32,
                "S": 24,
                "XL": 48,
                "XS": 16,
                "XXL": 56,
                "XXS": 8,
              },
            },
          }
        }
      >
        <div
          className="
       active  light
     sc-bdVaJa kPctVz"
        >
          <styled.span>
            <StyledComponent
              forwardedComponent={
                Object {
                  "$$typeof": Symbol(react.forward_ref),
                  "attrs": Array [],
                  "componentStyle": ComponentStyle {
                    "componentId": "sc-htpNat",
                    "isStatic": true,
                    "lastClassName": "oRUBv",
                    "rules": Array [
                      "
  position: absolute;
  top: 50%;
  left: 50%;
  display: inline-block;
  width: 12px;
  height: 12px;
  transform: translate(-50%, -50%);

  & > svg {
    vertical-align: top;
  }
",
                    ],
                  },
                  "displayName": "styled.span",
                  "foldedComponentIds": Array [],
                  "render": [Function],
                  "styledComponentId": "sc-htpNat",
                  "target": "span",
                  "toString": [Function],
                  "warnTooManyClasses": [Function],
                  "withComponent": [Function],
                }
              }
              forwardedRef={null}
            >
              <span
                className="sc-htpNat oRUBv"
              >
                <Component
                  color="#fff"
                  name="check"
                  size={12}
                >
                  <Component
                    color="#fff"
                    size={12}
                  >
                    <CheckIcon
                      color="#fff"
                      size={12}
                      theme={
                        Object {
                          "frame": Object {
                            "border": Object {
                              "default": "1px solid #d6d6d6",
                              "lineStyle": "solid",
                              "lineWidth": "1px",
                              "radius": Object {
                                "l": "8px",
                                "m": "6px",
                                "s": "3px",
                              },
                            },
                          },
                          "interaction": Object {
                            "hover": Object {
                              "animation": ".3s ease-out",
                              "animationDuration": ".3s",
                              "animationTiming": "ease-out",
                              "feedbackOpacity": ".7",
                            },
                          },
                          "palette": Object {
                            "BACKGROUND": "#f5f6fa",
                            "BORDER": "#d6d6d6",
                            "COLUMN": "#f9f9f9",
                            "DANGER": "#ef475b",
                            "MAIN": "#00a5ab",
                            "OVERLAY": "rgba(0,0,0,0.15)",
                            "SCRIM": "rgba(0,0,0,0.5)",
                            "TEXT_BLACK": "#333",
                            "TEXT_GREY": "#767676",
                            "WARNING": "#ff8800",
                            "disableColor": [Function],
                            "hoverColor": [Function],
                          },
                          "size": Object {
                            "font": Object {
                              "GRANDE": 18,
                              "SHORT": 11,
                              "TALL": 14,
                              "VENTI": 24,
                            },
                            "mediaQuery": Object {
                              "SP": 599,
                              "TABLET": 959,
                            },
                            "pxToRem": [Function],
                            "space": Object {
                              "L": 40,
                              "M": 32,
                              "S": 24,
                              "XL": 48,
                              "XS": 16,
                              "XXL": 56,
                              "XXS": 8,
                            },
                          },
                        }
                      }
                    >
                      <svg
                        height="12px"
                        viewBox="0 0 100 100"
                        width="12px"
                      >
                        <title>
                          check
                        </title>
                        <g
                          id="Check"
                        >
                          <path
                            d="M100,26.06a6.2,6.2,0,0,1-1.81,4.5L51.48,78.44l-8.77,9a6.1,6.1,0,0,1-8.77,0l-8.78-9L1.81,54.5a6.5,6.5,0,0,1,0-9l8.77-9A5.88,5.88,0,0,1,15,34.66a5.86,5.86,0,0,1,4.38,1.85L38.32,56,80.65,12.57a6.1,6.1,0,0,1,8.77,0l8.77,9A6.19,6.19,0,0,1,100,26.06Z"
                            fill="#fff"
                            style={
                              Object {
                                "fillRule": "evenodd",
                              }
                            }
                          />
                        </g>
                      </svg>
                    </CheckIcon>
                  </Component>
                </Component>
              </span>
            </StyledComponent>
          </styled.span>
          <styled.input
            checked={true}
            disabled={false}
            name="sample"
            onChange={[Function]}
            type="checkbox"
          >
            <StyledComponent
              checked={true}
              disabled={false}
              forwardedComponent={
                Object {
                  "$$typeof": Symbol(react.forward_ref),
                  "attrs": Array [],
                  "componentStyle": ComponentStyle {
                    "componentId": "sc-bwzfXH",
                    "isStatic": true,
                    "lastClassName": "dHqMOG",
                    "rules": Array [
                      "
  opacity: 0;
  position: absolute;
  top: 0;
  left: 0;
  width: 100%;
  height: 100%;
  margin: 0;
  cursor: pointer;

  &[disabled] {
    pointer-events: none;
  }
",
                    ],
                  },
                  "displayName": "styled.input",
                  "foldedComponentIds": Array [],
                  "render": [Function],
                  "styledComponentId": "sc-bwzfXH",
                  "target": "input",
                  "toString": [Function],
                  "warnTooManyClasses": [Function],
                  "withComponent": [Function],
                }
              }
              forwardedRef={null}
              name="sample"
              onChange={[Function]}
              type="checkbox"
            >
              <input
                checked={true}
                className="sc-bwzfXH dHqMOG"
                disabled={false}
                name="sample"
                onChange={[Function]}
                type="checkbox"
              />
            </StyledComponent>
          </styled.input>
        </div>
      </StyledComponent>
    </styled.div>
  </CheckboxComponent>
</Component>
`;
