// Jest Snapshot v1, https://goo.gl/fbAQLP

exports[`Icon should be match snapshot 1`] = `
[
  <span
    id="text"
  >
    連絡帳
  </span>,
  <svg
    aria-hidden={true}
    className="smarthr-ui-Icon group-[]/iconWrapper:shr-shrink-0 group-[]/iconWrapper:shr-translate-y-[0.125em] forced-colors:shr-fill-[CanvasText]"
    fill="currentColor"
    focusable={false}
    height="1em"
    role="img"
    stroke="currentColor"
    strokeWidth="0"
    style={
      {
        "color": undefined,
      }
    }
    viewBox="0 0 576 512"
    width="1em"
    xmlns="http://www.w3.org/2000/svg"
  >
    <path
      d="M64 32C28.7 32 0 60.7 0 96V416c0 35.3 28.7 64 64 64H512c35.3 0 64-28.7 64-64V96c0-35.3-28.7-64-64-64H64zm80 256h64c44.2 0 80 35.8 80 80c0 8.8-7.2 16-16 16H80c-8.8 0-16-7.2-16-16c0-44.2 35.8-80 80-80zm-32-96a64 64 0 1 1 128 0 64 64 0 1 1 -128 0zm256-32H496c8.8 0 16 7.2 16 16s-7.2 16-16 16H368c-8.8 0-16-7.2-16-16s7.2-16 16-16zm0 64H496c8.8 0 16 7.2 16 16s-7.2 16-16 16H368c-8.8 0-16-7.2-16-16s7.2-16 16-16zm0 64H496c8.8 0 16 7.2 16 16s-7.2 16-16 16H368c-8.8 0-16-7.2-16-16s7.2-16 16-16z"
    />
  </svg>,
  <span
    className="shr-absolute -shr-top-px shr-left-0 shr-h-px shr-w-px shr-overflow-hidden shr-whitespace-nowrap shr-border-0 shr-p-0 [clip-path:inset(100%)] [clip:rect(0_0_0_0)]"
  >
    連絡帳
  </span>,
  <svg
    aria-hidden={true}
    className="smarthr-ui-Icon group-[]/iconWrapper:shr-shrink-0 group-[]/iconWrapper:shr-translate-y-[0.125em] forced-colors:shr-fill-[CanvasText]"
    fill="currentColor"
    focusable={false}
    height="1em"
    role="img"
    stroke="currentColor"
    strokeWidth="0"
    style={
      {
        "color": undefined,
      }
    }
    viewBox="0 0 576 512"
    width="1em"
    xmlns="http://www.w3.org/2000/svg"
  >
    <path
      d="M64 32C28.7 32 0 60.7 0 96V416c0 35.3 28.7 64 64 64H512c35.3 0 64-28.7 64-64V96c0-35.3-28.7-64-64-64H64zm80 256h64c44.2 0 80 35.8 80 80c0 8.8-7.2 16-16 16H80c-8.8 0-16-7.2-16-16c0-44.2 35.8-80 80-80zm-32-96a64 64 0 1 1 128 0 64 64 0 1 1 -128 0zm256-32H496c8.8 0 16 7.2 16 16s-7.2 16-16 16H368c-8.8 0-16-7.2-16-16s7.2-16 16-16zm0 64H496c8.8 0 16 7.2 16 16s-7.2 16-16 16H368c-8.8 0-16-7.2-16-16s7.2-16 16-16zm0 64H496c8.8 0 16 7.2 16 16s-7.2 16-16 16H368c-8.8 0-16-7.2-16-16s7.2-16 16-16z"
    />
  </svg>,
  <svg
    aria-label="連絡帳"
    className="smarthr-ui-Icon group-[]/iconWrapper:shr-shrink-0 group-[]/iconWrapper:shr-translate-y-[0.125em] forced-colors:shr-fill-[CanvasText]"
    fill="currentColor"
    focusable={false}
    height="1em"
    role="img"
    stroke="currentColor"
    strokeWidth="0"
    style={
      {
        "color": undefined,
      }
    }
    viewBox="0 0 576 512"
    width="1em"
    xmlns="http://www.w3.org/2000/svg"
  >
    <path
      d="M64 32C28.7 32 0 60.7 0 96V416c0 35.3 28.7 64 64 64H512c35.3 0 64-28.7 64-64V96c0-35.3-28.7-64-64-64H64zm80 256h64c44.2 0 80 35.8 80 80c0 8.8-7.2 16-16 16H80c-8.8 0-16-7.2-16-16c0-44.2 35.8-80 80-80zm-32-96a64 64 0 1 1 128 0 64 64 0 1 1 -128 0zm256-32H496c8.8 0 16 7.2 16 16s-7.2 16-16 16H368c-8.8 0-16-7.2-16-16s7.2-16 16-16zm0 64H496c8.8 0 16 7.2 16 16s-7.2 16-16 16H368c-8.8 0-16-7.2-16-16s7.2-16 16-16zm0 64H496c8.8 0 16 7.2 16 16s-7.2 16-16 16H368c-8.8 0-16-7.2-16-16s7.2-16 16-16z"
    />
  </svg>,
  <svg
    aria-labelledby="text"
    className="smarthr-ui-Icon group-[]/iconWrapper:shr-shrink-0 group-[]/iconWrapper:shr-translate-y-[0.125em] forced-colors:shr-fill-[CanvasText]"
    fill="currentColor"
    focusable={false}
    height="1em"
    role="img"
    stroke="currentColor"
    strokeWidth="0"
    style={
      {
        "color": undefined,
      }
    }
    viewBox="0 0 576 512"
    width="1em"
    xmlns="http://www.w3.org/2000/svg"
  >
    <path
      d="M64 32C28.7 32 0 60.7 0 96V416c0 35.3 28.7 64 64 64H512c35.3 0 64-28.7 64-64V96c0-35.3-28.7-64-64-64H64zm80 256h64c44.2 0 80 35.8 80 80c0 8.8-7.2 16-16 16H80c-8.8 0-16-7.2-16-16c0-44.2 35.8-80 80-80zm-32-96a64 64 0 1 1 128 0 64 64 0 1 1 -128 0zm256-32H496c8.8 0 16 7.2 16 16s-7.2 16-16 16H368c-8.8 0-16-7.2-16-16s7.2-16 16-16zm0 64H496c8.8 0 16 7.2 16 16s-7.2 16-16 16H368c-8.8 0-16-7.2-16-16s7.2-16 16-16zm0 64H496c8.8 0 16 7.2 16 16s-7.2 16-16 16H368c-8.8 0-16-7.2-16-16s7.2-16 16-16z"
    />
  </svg>,
]
`;
