// Jest Snapshot v1, https://goo.gl/fbAQLP

exports[`Tag should be match snapshot 1`] = `
<Component
  type="success"
>
  <TagComponent
    theme={
      Object {
        "frame": Object {
          "border": Object {
            "default": "1px solid #d6d6d6",
            "lineStyle": "solid",
            "lineWidth": "1px",
            "radius": Object {
              "l": "8px",
              "m": "6px",
              "s": "3px",
            },
          },
        },
        "interaction": Object {
          "hover": Object {
            "animation": ".3s ease-out",
            "animationDuration": ".3s",
            "animationTiming": "ease-out",
            "feedbackOpacity": ".7",
          },
        },
        "palette": Object {
          "BACKGROUND": "#f5f6fa",
          "BORDER": "#d6d6d6",
          "COLUMN": "#f9f9f9",
          "DANGER": "#ef475b",
          "MAIN": "#00a5ab",
          "OVERLAY": "rgba(0,0,0,0.15)",
          "SCRIM": "rgba(0,0,0,0.5)",
          "TEXT_BLACK": "#333",
          "TEXT_GREY": "#767676",
          "WARNING": "#ff8800",
          "disableColor": [Function],
          "hoverColor": [Function],
        },
        "size": Object {
          "font": Object {
            "GRANDE": 18,
            "SHORT": 11,
            "TALL": 14,
            "VENTI": 24,
          },
          "mediaQuery": Object {
            "SP": 599,
            "TABLET": 959,
          },
          "pxToRem": [Function],
          "space": Object {
            "L": 40,
            "M": 32,
            "S": 24,
            "XL": 48,
            "XS": 16,
            "XXL": 56,
            "XXS": 8,
          },
        },
      }
    }
    type="success"
  >
    <styled.span
      className="success"
      theme={
        Object {
          "frame": Object {
            "border": Object {
              "default": "1px solid #d6d6d6",
              "lineStyle": "solid",
              "lineWidth": "1px",
              "radius": Object {
                "l": "8px",
                "m": "6px",
                "s": "3px",
              },
            },
          },
          "interaction": Object {
            "hover": Object {
              "animation": ".3s ease-out",
              "animationDuration": ".3s",
              "animationTiming": "ease-out",
              "feedbackOpacity": ".7",
            },
          },
          "palette": Object {
            "BACKGROUND": "#f5f6fa",
            "BORDER": "#d6d6d6",
            "COLUMN": "#f9f9f9",
            "DANGER": "#ef475b",
            "MAIN": "#00a5ab",
            "OVERLAY": "rgba(0,0,0,0.15)",
            "SCRIM": "rgba(0,0,0,0.5)",
            "TEXT_BLACK": "#333",
            "TEXT_GREY": "#767676",
            "WARNING": "#ff8800",
            "disableColor": [Function],
            "hoverColor": [Function],
          },
          "size": Object {
            "font": Object {
              "GRANDE": 18,
              "SHORT": 11,
              "TALL": 14,
              "VENTI": 24,
            },
            "mediaQuery": Object {
              "SP": 599,
              "TABLET": 959,
            },
            "pxToRem": [Function],
            "space": Object {
              "L": 40,
              "M": 32,
              "S": 24,
              "XL": 48,
              "XS": 16,
              "XXL": 56,
              "XXS": 8,
            },
          },
        }
      }
    >
      <StyledComponent
        className="success"
        forwardedComponent={
          Object {
            "$$typeof": Symbol(react.forward_ref),
            "attrs": Array [],
            "componentStyle": ComponentStyle {
              "componentId": "sc-bdVaJa",
              "isStatic": false,
              "lastClassName": "dNYNqM",
              "rules": Array [
                "
  ",
                [Function],
                "
",
              ],
            },
            "displayName": "styled.span",
            "foldedComponentIds": Array [],
            "render": [Function],
            "styledComponentId": "sc-bdVaJa",
            "target": "span",
            "toString": [Function],
            "warnTooManyClasses": [Function],
            "withComponent": [Function],
          }
        }
        forwardedRef={null}
        theme={
          Object {
            "frame": Object {
              "border": Object {
                "default": "1px solid #d6d6d6",
                "lineStyle": "solid",
                "lineWidth": "1px",
                "radius": Object {
                  "l": "8px",
                  "m": "6px",
                  "s": "3px",
                },
              },
            },
            "interaction": Object {
              "hover": Object {
                "animation": ".3s ease-out",
                "animationDuration": ".3s",
                "animationTiming": "ease-out",
                "feedbackOpacity": ".7",
              },
            },
            "palette": Object {
              "BACKGROUND": "#f5f6fa",
              "BORDER": "#d6d6d6",
              "COLUMN": "#f9f9f9",
              "DANGER": "#ef475b",
              "MAIN": "#00a5ab",
              "OVERLAY": "rgba(0,0,0,0.15)",
              "SCRIM": "rgba(0,0,0,0.5)",
              "TEXT_BLACK": "#333",
              "TEXT_GREY": "#767676",
              "WARNING": "#ff8800",
              "disableColor": [Function],
              "hoverColor": [Function],
            },
            "size": Object {
              "font": Object {
                "GRANDE": 18,
                "SHORT": 11,
                "TALL": 14,
                "VENTI": 24,
              },
              "mediaQuery": Object {
                "SP": 599,
                "TABLET": 959,
              },
              "pxToRem": [Function],
              "space": Object {
                "L": 40,
                "M": 32,
                "S": 24,
                "XL": 48,
                "XS": 16,
                "XXL": 56,
                "XXS": 8,
              },
            },
          }
        }
      >
        <span
          className="success sc-bdVaJa dNYNqM"
        >
          hello
        </span>
      </StyledComponent>
    </styled.span>
  </TagComponent>
</Component>
`;
