// Jest Snapshot v1, https://goo.gl/fbAQLP

exports[`Icon should be match snapshot 1`] = `
Array [
  <span
    id="text"
  >
    連絡帳
  </span>,
  <svg
    aria-hidden={true}
    className=" smarthr-ui-Icon"
    fill="currentColor"
    focusable={false}
    height="1em"
    role="img"
    stroke="currentColor"
    strokeWidth="0"
    style={
      Object {
        "color": undefined,
      }
    }
    viewBox="0 0 448 512"
    width="1em"
    xmlns="http://www.w3.org/2000/svg"
  >
    <path
      d="M436 160c6.6 0 12-5.4 12-12v-40c0-6.6-5.4-12-12-12h-20V48c0-26.5-21.5-48-48-48H48C21.5 0 0 21.5 0 48v416c0 26.5 21.5 48 48 48h320c26.5 0 48-21.5 48-48v-48h20c6.6 0 12-5.4 12-12v-40c0-6.6-5.4-12-12-12h-20v-64h20c6.6 0 12-5.4 12-12v-40c0-6.6-5.4-12-12-12h-20v-64h20zm-228-32c35.3 0 64 28.7 64 64s-28.7 64-64 64-64-28.7-64-64 28.7-64 64-64zm112 236.8c0 10.6-10 19.2-22.4 19.2H118.4C106 384 96 375.4 96 364.8v-19.2c0-31.8 30.1-57.6 67.2-57.6h5c12.3 5.1 25.7 8 39.8 8s27.6-2.9 39.8-8h5c37.1 0 67.2 25.8 67.2 57.6v19.2z"
    />
  </svg>,
  .c0 {
  position: absolute;
  top: -1px;
  left: 0;
  width: 1px;
  height: 1px;
  border: 0;
  padding: 0;
  white-space: nowrap;
  -webkit-clip-path: inset(100%);
  clip-path: inset(100%);
  -webkit-clip: rect(0 0 0 0);
  clip: rect(0 0 0 0);
  overflow: hidden;
}

<span
    className="c0"
  >
    連絡帳
  </span>,
  <svg
    aria-hidden={true}
    className=" smarthr-ui-Icon"
    fill="currentColor"
    focusable={false}
    height="1em"
    role="img"
    stroke="currentColor"
    strokeWidth="0"
    style={
      Object {
        "color": undefined,
      }
    }
    viewBox="0 0 448 512"
    width="1em"
    xmlns="http://www.w3.org/2000/svg"
  >
    <path
      d="M436 160c6.6 0 12-5.4 12-12v-40c0-6.6-5.4-12-12-12h-20V48c0-26.5-21.5-48-48-48H48C21.5 0 0 21.5 0 48v416c0 26.5 21.5 48 48 48h320c26.5 0 48-21.5 48-48v-48h20c6.6 0 12-5.4 12-12v-40c0-6.6-5.4-12-12-12h-20v-64h20c6.6 0 12-5.4 12-12v-40c0-6.6-5.4-12-12-12h-20v-64h20zm-228-32c35.3 0 64 28.7 64 64s-28.7 64-64 64-64-28.7-64-64 28.7-64 64-64zm112 236.8c0 10.6-10 19.2-22.4 19.2H118.4C106 384 96 375.4 96 364.8v-19.2c0-31.8 30.1-57.6 67.2-57.6h5c12.3 5.1 25.7 8 39.8 8s27.6-2.9 39.8-8h5c37.1 0 67.2 25.8 67.2 57.6v19.2z"
    />
  </svg>,
  <svg
    aria-label="連絡帳"
    className=" smarthr-ui-Icon"
    fill="currentColor"
    focusable={false}
    height="1em"
    role="img"
    stroke="currentColor"
    strokeWidth="0"
    style={
      Object {
        "color": undefined,
      }
    }
    viewBox="0 0 448 512"
    width="1em"
    xmlns="http://www.w3.org/2000/svg"
  >
    <path
      d="M436 160c6.6 0 12-5.4 12-12v-40c0-6.6-5.4-12-12-12h-20V48c0-26.5-21.5-48-48-48H48C21.5 0 0 21.5 0 48v416c0 26.5 21.5 48 48 48h320c26.5 0 48-21.5 48-48v-48h20c6.6 0 12-5.4 12-12v-40c0-6.6-5.4-12-12-12h-20v-64h20c6.6 0 12-5.4 12-12v-40c0-6.6-5.4-12-12-12h-20v-64h20zm-228-32c35.3 0 64 28.7 64 64s-28.7 64-64 64-64-28.7-64-64 28.7-64 64-64zm112 236.8c0 10.6-10 19.2-22.4 19.2H118.4C106 384 96 375.4 96 364.8v-19.2c0-31.8 30.1-57.6 67.2-57.6h5c12.3 5.1 25.7 8 39.8 8s27.6-2.9 39.8-8h5c37.1 0 67.2 25.8 67.2 57.6v19.2z"
    />
  </svg>,
  <svg
    aria-labelledby="text"
    className=" smarthr-ui-Icon"
    fill="currentColor"
    focusable={false}
    height="1em"
    role="img"
    stroke="currentColor"
    strokeWidth="0"
    style={
      Object {
        "color": undefined,
      }
    }
    viewBox="0 0 448 512"
    width="1em"
    xmlns="http://www.w3.org/2000/svg"
  >
    <path
      d="M436 160c6.6 0 12-5.4 12-12v-40c0-6.6-5.4-12-12-12h-20V48c0-26.5-21.5-48-48-48H48C21.5 0 0 21.5 0 48v416c0 26.5 21.5 48 48 48h320c26.5 0 48-21.5 48-48v-48h20c6.6 0 12-5.4 12-12v-40c0-6.6-5.4-12-12-12h-20v-64h20c6.6 0 12-5.4 12-12v-40c0-6.6-5.4-12-12-12h-20v-64h20zm-228-32c35.3 0 64 28.7 64 64s-28.7 64-64 64-64-28.7-64-64 28.7-64 64-64zm112 236.8c0 10.6-10 19.2-22.4 19.2H118.4C106 384 96 375.4 96 364.8v-19.2c0-31.8 30.1-57.6 67.2-57.6h5c12.3 5.1 25.7 8 39.8 8s27.6-2.9 39.8-8h5c37.1 0 67.2 25.8 67.2 57.6v19.2z"
    />
  </svg>,
]
`;
